Release 14.7 - xst P.20131013 (nt)
Copyright (c) 1995-2013 Xilinx, Inc.  All rights reserved.
--> Parameter TMPDIR set to xst/projnav.tmp


Total REAL time to Xst completion: 1.00 secs
Total CPU time to Xst completion: 0.20 secs
 
--> Parameter xsthdpdir set to xst


Total REAL time to Xst completion: 1.00 secs
Total CPU time to Xst completion: 0.20 secs
 
--> Reading design: nx3_top.prj

TABLE OF CONTENTS
  1) Synthesis Options Summary
  2) HDL Parsing
  3) HDL Elaboration
  4) HDL Synthesis
       4.1) HDL Synthesis Report
  5) Advanced HDL Synthesis
       5.1) Advanced HDL Synthesis Report
  6) Low Level Synthesis
  7) Partition Report
  8) Design Summary
       8.1) Primitive and Black Box Usage
       8.2) Device utilization summary
       8.3) Partition Resource Summary
       8.4) Timing Report
            8.4.1) Clock Information
            8.4.2) Asynchronous Control Signals Information
            8.4.3) Timing Summary
            8.4.4) Timing Details
            8.4.5) Cross Clock Domains Report


=========================================================================
*                      Synthesis Options Summary                        *
=========================================================================
---- Source Parameters
Input File Name                    : "nx3_top.prj"
Ignore Synthesis Constraint File   : NO

---- Target Parameters
Output File Name                   : "nx3_top"
Output Format                      : NGC
Target Device                      : xc6slx16-2-csg324

---- Source Options
Top Module Name                    : nx3_top
Automatic FSM Extraction           : YES
FSM Encoding Algorithm             : Auto
Safe Implementation                : No
FSM Style                          : LUT
RAM Extraction                     : Yes
RAM Style                          : Auto
ROM Extraction                     : Yes
Shift Register Extraction          : YES
ROM Style                          : Auto
Resource Sharing                   : YES
Asynchronous To Synchronous        : NO
Shift Register Minimum Size        : 2
Use DSP Block                      : Auto
Automatic Register Balancing       : No

---- Target Options
LUT Combining                      : Auto
Reduce Control Sets                : Auto
Add IO Buffers                     : YES
Global Maximum Fanout              : 100000
Add Generic Clock Buffer(BUFG)     : 16
Register Duplication               : YES
Optimize Instantiated Primitives   : NO
Use Clock Enable                   : Auto
Use Synchronous Set                : Auto
Use Synchronous Reset              : Auto
Pack IO Registers into IOBs        : Auto
Equivalent register Removal        : YES

---- General Options
Optimization Goal                  : Speed
Optimization Effort                : 1
Power Reduction                    : NO
Keep Hierarchy                     : No
Netlist Hierarchy                  : As_Optimized
RTL Output                         : Yes
Global Optimization                : AllClockNets
Read Cores                         : YES
Write Timing Constraints           : NO
Cross Clock Analysis               : NO
Hierarchy Separator                : /
Bus Delimiter                      : <>
Case Specifier                     : Maintain
Slice Utilization Ratio            : 100
BRAM Utilization Ratio             : 100
DSP48 Utilization Ratio            : 100
Auto BRAM Packing                  : NO
Slice Utilization Ratio Delta      : 5

=========================================================================


=========================================================================
*                          HDL Parsing                                  *
=========================================================================
Parsing VHDL file "E:\projects\VHDL_XIlinx\combination_lock_with_ui\freq_divider.vhd" into library work
Parsing entity <freq_divider>.
Parsing architecture <Behavioral> of entity <freq_divider>.
Parsing VHDL file "E:\projects\VHDL_XIlinx\combination_lock_with_ui\spinbox_dec_digit_1.vhd" into library work
Parsing entity <spinbox_dec_digit_1>.
Parsing architecture <Behavioral> of entity <spinbox_dec_digit_1>.
Parsing VHDL file "E:\projects\VHDL_XIlinx\combination_lock_with_ui\pulse_generator_2hz.vhd" into library work
Parsing entity <pulse_generator_2hz>.
Parsing architecture <Behavioral> of entity <pulse_generator_2hz>.
Parsing VHDL file "E:\projects\VHDL_XIlinx\combination_lock_with_ui\pulse_generator_1khz.vhd" into library work
Parsing entity <pulse_generator_1khz>.
Parsing architecture <Behavioral> of entity <pulse_generator_1khz>.
Parsing VHDL file "E:\projects\VHDL_XIlinx\combination_lock_with_ui\pulse_generator_100hz.vhd" into library work
Parsing entity <pulse_generator_100hz>.
Parsing architecture <Behavioral> of entity <pulse_generator_100hz>.
Parsing VHDL file "E:\projects\VHDL_XIlinx\combination_lock_with_ui\display.vhd" into library work
Parsing entity <display_tkr>.
Parsing architecture <Behavioral> of entity <display_tkr>.
Parsing VHDL file "E:\projects\VHDL_XIlinx\combination_lock_with_ui\bit4_cycle_generator.vhd" into library work
Parsing entity <bit4_cycle_generator>.
Parsing architecture <Behavioral> of entity <bit4_cycle_generator>.
Parsing VHDL file "E:\projects\VHDL_XIlinx\combination_lock_with_ui\spinbox_dec_digit_4.vhd" into library work
Parsing entity <spinbox_dec_digit_4>.
Parsing architecture <Behavioral> of entity <spinbox_dec_digit_4>.
Parsing VHDL file "E:\projects\VHDL_XIlinx\combination_lock_with_ui\led_4_display.vhd" into library work
Parsing entity <led_4_display_tkr>.
Parsing architecture <Behavioral> of entity <led_4_display_tkr>.
Parsing VHDL file "E:\projects\VHDL_XIlinx\combination_lock_with_ui\debouncer.vhd" into library work
Parsing entity <debouncer>.
Parsing architecture <Behavioral> of entity <debouncer>.
Parsing VHDL file "E:\projects\VHDL_XIlinx\combination_lock_with_ui\nx3_top.vhd" into library work
Parsing entity <nx3_top>.
Parsing architecture <Behavioral> of entity <nx3_top>.

=========================================================================
*                            HDL Elaboration                            *
=========================================================================

Elaborating entity <nx3_top> (architecture <Behavioral>) from library <work>.

Elaborating entity <debouncer> (architecture <Behavioral>) from library <work>.

Elaborating entity <pulse_generator_1khz> (architecture <Behavioral>) from library <work>.

Elaborating entity <freq_divider> (architecture <Behavioral>) from library <work>.

Elaborating entity <led_4_display_tkr> (architecture <Behavioral>) from library <work>.

Elaborating entity <pulse_generator_100hz> (architecture <Behavioral>) from library <work>.

Elaborating entity <pulse_generator_2hz> (architecture <Behavioral>) from library <work>.

Elaborating entity <display_tkr> (architecture <Behavioral>) from library <work>.

Elaborating entity <bit4_cycle_generator> (architecture <Behavioral>) from library <work>.
INFO:HDLCompiler:679 - "E:\projects\VHDL_XIlinx\combination_lock_with_ui\bit4_cycle_generator.vhd" Line 60. Case statement is complete. others clause is never selected

Elaborating entity <spinbox_dec_digit_4> (architecture <Behavioral>) from library <work>.

Elaborating entity <spinbox_dec_digit_1> (architecture <Behavioral>) from library <work>.
WARNING:HDLCompiler:92 - "E:\projects\VHDL_XIlinx\combination_lock_with_ui\nx3_top.vhd" Line 164: passwd_input should be on the sensitivity list of the process
WARNING:HDLCompiler:92 - "E:\projects\VHDL_XIlinx\combination_lock_with_ui\nx3_top.vhd" Line 166: digit_selected_bus should be on the sensitivity list of the process
INFO:HDLCompiler:679 - "E:\projects\VHDL_XIlinx\combination_lock_with_ui\nx3_top.vhd" Line 179. Case statement is complete. others clause is never selected

=========================================================================
*                           HDL Synthesis                               *
=========================================================================

Synthesizing Unit <nx3_top>.
    Related source file is "E:\projects\VHDL_XIlinx\combination_lock_with_ui\nx3_top.vhd".
    Set property "LOC = B8,C4,A8,D9,C9" for signal <buttons>.
    Set property "LOC = T5,V8,U8,N8,M8,V9,T9,T10" for signal <switches>.
    Set property "LOC = T11,R11,N11,M11,V15,U15,V16,U16" for signal <leds>.
    Set property "LOC = P17,P18,N15,N16" for signal <digit>.
    Set property "LOC = M13,L14,N14,M14,U18,U17,T18,T17" for signal <segments>.
    Set property "LOC = V10" for signal <clk>.
WARNING:Xst:647 - Input <switches<6:0>> is never used. This port will be preserved and left unconnected if it belongs to a top-level block or it belongs to a sub-block and the hierarchy of this sub-block is preserved.
    Found 2-bit register for signal <state>.
    Found 5-bit register for signal <buttons_prev>.
    Found 4x12-bit Read Only RAM for signal <_n0049>
    Summary:
	inferred   1 RAM(s).
	inferred   7 D-type flip-flop(s).
	inferred   1 Multiplexer(s).
Unit <nx3_top> synthesized.

Synthesizing Unit <debouncer>.
    Related source file is "E:\projects\VHDL_XIlinx\combination_lock_with_ui\debouncer.vhd".
    Found 5-bit register for signal <outbtn>.
    Summary:
	inferred   5 D-type flip-flop(s).
Unit <debouncer> synthesized.

Synthesizing Unit <pulse_generator_1khz>.
    Related source file is "E:\projects\VHDL_XIlinx\combination_lock_with_ui\pulse_generator_1khz.vhd".
    Summary:
	no macro.
Unit <pulse_generator_1khz> synthesized.

Synthesizing Unit <freq_divider>.
    Related source file is "E:\projects\VHDL_XIlinx\combination_lock_with_ui\freq_divider.vhd".
    Found 1-bit register for signal <out_pulse_state>.
    Found 32-bit register for signal <count>.
    Found 32-bit adder for signal <count[31]_GND_9_o_add_0_OUT> created at line 50.
    Found 32-bit comparator equal for signal <count[31]_half_period_count[31]_equal_2_o> created at line 51
    Summary:
	inferred   1 Adder/Subtractor(s).
	inferred  33 D-type flip-flop(s).
	inferred   1 Comparator(s).
Unit <freq_divider> synthesized.

Synthesizing Unit <led_4_display_tkr>.
    Related source file is "E:\projects\VHDL_XIlinx\combination_lock_with_ui\led_4_display.vhd".
    Summary:
	inferred  10 Multiplexer(s).
Unit <led_4_display_tkr> synthesized.

Synthesizing Unit <pulse_generator_100hz>.
    Related source file is "E:\projects\VHDL_XIlinx\combination_lock_with_ui\pulse_generator_100hz.vhd".
    Summary:
	no macro.
Unit <pulse_generator_100hz> synthesized.

Synthesizing Unit <pulse_generator_2hz>.
    Related source file is "E:\projects\VHDL_XIlinx\combination_lock_with_ui\pulse_generator_2hz.vhd".
    Summary:
	no macro.
Unit <pulse_generator_2hz> synthesized.

Synthesizing Unit <display_tkr>.
    Related source file is "E:\projects\VHDL_XIlinx\combination_lock_with_ui\display.vhd".
    Found 16x8-bit Read Only RAM for signal <segs>
    Summary:
	inferred   1 RAM(s).
Unit <display_tkr> synthesized.

Synthesizing Unit <bit4_cycle_generator>.
    Related source file is "E:\projects\VHDL_XIlinx\combination_lock_with_ui\bit4_cycle_generator.vhd".
    Found 3-bit register for signal <state>.
    Found finite state machine <FSM_0> for signal <state>.
    -----------------------------------------------------------------------
    | States             | 5                                              |
    | Transitions        | 5                                              |
    | Inputs             | 0                                              |
    | Outputs            | 4                                              |
    | Clock              | in_clk (rising_edge)                           |
    | Power Up State     | st_0                                           |
    | Encoding           | auto                                           |
    | Implementation     | LUT                                            |
    -----------------------------------------------------------------------
    Summary:
	inferred   1 Finite State Machine(s).
Unit <bit4_cycle_generator> synthesized.

Synthesizing Unit <spinbox_dec_digit_4>.
    Related source file is "E:\projects\VHDL_XIlinx\combination_lock_with_ui\spinbox_dec_digit_4.vhd".
    Found 4-bit register for signal <select_mask>.
    Found 2-bit register for signal <cmd_prev>.
    Summary:
	inferred   6 D-type flip-flop(s).
	inferred   1 Multiplexer(s).
Unit <spinbox_dec_digit_4> synthesized.

Synthesizing Unit <spinbox_dec_digit_1>.
    Related source file is "E:\projects\VHDL_XIlinx\combination_lock_with_ui\spinbox_dec_digit_1.vhd".
    Found 2-bit register for signal <cmd_prev>.
    Found 4-bit register for signal <value_buf>.
    Found 1-bit register for signal <set_prev>.
    Found 4-bit adder for signal <value_buf[3]_GND_89_o_add_9_OUT> created at line 75.
    Found 4-bit subtractor for signal <GND_89_o_GND_89_o_sub_6_OUT<3:0>> created at line 73.
    Summary:
	inferred   1 Adder/Subtractor(s).
	inferred   7 D-type flip-flop(s).
	inferred   1 Multiplexer(s).
Unit <spinbox_dec_digit_1> synthesized.

=========================================================================
HDL Synthesis Report

Macro Statistics
# RAMs                                                 : 2
 16x8-bit single-port Read Only RAM                    : 1
 4x12-bit single-port Read Only RAM                    : 1
# Adders/Subtractors                                   : 7
 32-bit adder                                          : 3
 4-bit addsub                                          : 4
# Registers                                            : 23
 1-bit register                                        : 7
 2-bit register                                        : 6
 32-bit register                                       : 3
 4-bit register                                        : 5
 5-bit register                                        : 2
# Comparators                                          : 3
 32-bit comparator equal                               : 3
# Multiplexers                                         : 16
 4-bit 2-to-1 multiplexer                              : 16
# FSMs                                                 : 1
# Xors                                                 : 4
 1-bit xor2                                            : 4

=========================================================================

=========================================================================
*                       Advanced HDL Synthesis                          *
=========================================================================

WARNING:Xst:1710 - FF/Latch <set_prev> (without init value) has a constant value of 0 in block <gen_inst_4_spinbox_dec_digit_1[3].inst_spinbox_dec_digit_1>. This FF/Latch will be trimmed during the optimization process.
WARNING:Xst:1710 - FF/Latch <set_prev> (without init value) has a constant value of 0 in block <gen_inst_4_spinbox_dec_digit_1[2].inst_spinbox_dec_digit_1>. This FF/Latch will be trimmed during the optimization process.
WARNING:Xst:1710 - FF/Latch <set_prev> (without init value) has a constant value of 0 in block <gen_inst_4_spinbox_dec_digit_1[1].inst_spinbox_dec_digit_1>. This FF/Latch will be trimmed during the optimization process.
WARNING:Xst:1710 - FF/Latch <set_prev> (without init value) has a constant value of 0 in block <gen_inst_4_spinbox_dec_digit_1[0].inst_spinbox_dec_digit_1>. This FF/Latch will be trimmed during the optimization process.

Synthesizing (advanced) Unit <display_tkr>.
INFO:Xst:3218 - HDL ADVISOR - The RAM <Mram_segs> will be implemented on LUTs either because you have described an asynchronous read or because of currently unsupported block RAM features. If you have described an asynchronous read, making it synchronous would allow you to take advantage of available block RAM resources, for optimized device usage and improved timings. Please refer to your documentation for coding guidelines.
    -----------------------------------------------------------------------
    | ram_type           | Distributed                         |          |
    -----------------------------------------------------------------------
    | Port A                                                              |
    |     aspect ratio   | 16-word x 8-bit                     |          |
    |     weA            | connected to signal <GND>           | high     |
    |     addrA          | connected to signal <number>        |          |
    |     diA            | connected to signal <GND>           |          |
    |     doA            | connected to signal <segs>          |          |
    -----------------------------------------------------------------------
Unit <display_tkr> synthesized (advanced).

Synthesizing (advanced) Unit <freq_divider>.
The following registers are absorbed into counter <count>: 1 register on signal <count>.
Unit <freq_divider> synthesized (advanced).

Synthesizing (advanced) Unit <nx3_top>.
INFO:Xst:3218 - HDL ADVISOR - The RAM <Mram__n0049> will be implemented on LUTs either because you have described an asynchronous read or because of currently unsupported block RAM features. If you have described an asynchronous read, making it synchronous would allow you to take advantage of available block RAM resources, for optimized device usage and improved timings. Please refer to your documentation for coding guidelines.
    -----------------------------------------------------------------------
    | ram_type           | Distributed                         |          |
    -----------------------------------------------------------------------
    | Port A                                                              |
    |     aspect ratio   | 4-word x 12-bit                     |          |
    |     weA            | connected to signal <GND>           | high     |
    |     addrA          | connected to signal <state>         |          |
    |     diA            | connected to signal <GND>           |          |
    |     doA            | connected to internal node          |          |
    -----------------------------------------------------------------------
Unit <nx3_top> synthesized (advanced).

Synthesizing (advanced) Unit <spinbox_dec_digit_1>.
The following registers are absorbed into counter <value_buf>: 1 register on signal <value_buf>.
Unit <spinbox_dec_digit_1> synthesized (advanced).

=========================================================================
Advanced HDL Synthesis Report

Macro Statistics
# RAMs                                                 : 2
 16x8-bit single-port distributed Read Only RAM        : 1
 4x12-bit single-port distributed Read Only RAM        : 1
# Counters                                             : 7
 32-bit up counter                                     : 3
 4-bit updown counter                                  : 4
# Registers                                            : 33
 Flip-Flops                                            : 33
# Comparators                                          : 3
 32-bit comparator equal                               : 3
# Multiplexers                                         : 12
 4-bit 2-to-1 multiplexer                              : 12
# FSMs                                                 : 1
# Xors                                                 : 4
 1-bit xor2                                            : 4

=========================================================================

=========================================================================
*                         Low Level Synthesis                           *
=========================================================================
Analyzing FSM <MFsm> for best encoding.
Optimizing FSM <inst_led_4_display_tkr/FSM_0> on signal <state[1:5]> with one-hot encoding.
-------------------
 State | Encoding
-------------------
 st_0  | 00001
 st_1  | 00010
 st_2  | 00100
 st_3  | 01000
 st_4  | 10000
-------------------
WARNING:Xst:1426 - The value init of the FF/Latch inst_bit4_cycle_generator/state_FSM_FFd5 hinder the constant cleaning in the block led_4_display_tkr.
   You should achieve better results by setting this init to 0.

Optimizing unit <nx3_top> ...

Optimizing unit <led_4_display_tkr> ...

Optimizing unit <spinbox_dec_digit_4> ...

Optimizing unit <spinbox_dec_digit_1> ...
WARNING:Xst:1710 - FF/Latch <inst_spinbox_dec_digit_4/gen_inst_4_spinbox_dec_digit_1[0].inst_spinbox_dec_digit_1/set_prev> (without init value) has a constant value of 0 in block <nx3_top>. This FF/Latch will be trimmed during the optimization process.
WARNING:Xst:1895 - Due to other FF/Latch trimming, FF/Latch <inst_spinbox_dec_digit_4/gen_inst_4_spinbox_dec_digit_1[1].inst_spinbox_dec_digit_1/set_prev> (without init value) has a constant value of 0 in block <nx3_top>. This FF/Latch will be trimmed during the optimization process.
WARNING:Xst:1895 - Due to other FF/Latch trimming, FF/Latch <inst_spinbox_dec_digit_4/gen_inst_4_spinbox_dec_digit_1[2].inst_spinbox_dec_digit_1/set_prev> (without init value) has a constant value of 0 in block <nx3_top>. This FF/Latch will be trimmed during the optimization process.
WARNING:Xst:1895 - Due to other FF/Latch trimming, FF/Latch <inst_spinbox_dec_digit_4/gen_inst_4_spinbox_dec_digit_1[3].inst_spinbox_dec_digit_1/set_prev> (without init value) has a constant value of 0 in block <nx3_top>. This FF/Latch will be trimmed during the optimization process.
INFO:Xst:2261 - The FF/Latch <buttons_prev_1> in Unit <nx3_top> is equivalent to the following FF/Latch, which will be removed : <inst_spinbox_dec_digit_4/cmd_prev_0> 
INFO:Xst:2261 - The FF/Latch <buttons_prev_3> in Unit <nx3_top> is equivalent to the following FF/Latch, which will be removed : <inst_spinbox_dec_digit_4/cmd_prev_1> 

Mapping all equations...
Building and optimizing final netlist ...
Found area constraint ratio of 100 (+ 5) on block nx3_top, actual ratio is 2.

Final Macro Processing ...

=========================================================================
Final Register Report

Macro Statistics
# Registers                                            : 144
 Flip-Flops                                            : 144

=========================================================================

=========================================================================
*                           Partition Report                            *
=========================================================================

Partition Implementation Status
-------------------------------

  No Partitions were found in this design.

-------------------------------

=========================================================================
*                            Design Summary                             *
=========================================================================

Top Level Output File Name         : nx3_top.ngc

Primitive and Black Box Usage:
------------------------------
# BELS                             : 497
#      GND                         : 1
#      INV                         : 7
#      LUT1                        : 93
#      LUT2                        : 114
#      LUT3                        : 2
#      LUT4                        : 7
#      LUT5                        : 8
#      LUT6                        : 57
#      MUXCY                       : 111
#      VCC                         : 1
#      XORCY                       : 96
# FlipFlops/Latches                : 144
#      FD                          : 124
#      FDE                         : 20
# Clock Buffers                    : 1
#      BUFGP                       : 1
# IO Buffers                       : 26
#      IBUF                        : 6
#      OBUF                        : 20

Device utilization summary:
---------------------------

Selected Device : 6slx16csg324-2 


Slice Logic Utilization: 
 Number of Slice Registers:             139  out of  18224     0%  
 Number of Slice LUTs:                  288  out of   9112     3%  
    Number used as Logic:               288  out of   9112     3%  

Slice Logic Distribution: 
 Number of LUT Flip Flop pairs used:    294
   Number with an unused Flip Flop:     155  out of    294    52%  
   Number with an unused LUT:             6  out of    294     2%  
   Number of fully used LUT-FF pairs:   133  out of    294    45%  
   Number of unique control sets:         8

IO Utilization: 
 Number of IOs:                          34
 Number of bonded IOBs:                  27  out of    232    11%  
    IOB Flip Flops/Latches:               5

Specific Feature Utilization:
 Number of BUFG/BUFGCTRLs:                1  out of     16     6%  

---------------------------
Partition Resource Summary:
---------------------------

  No Partitions were found in this design.

---------------------------


=========================================================================
Timing Report

NOTE: THESE TIMING NUMBERS ARE ONLY A SYNTHESIS ESTIMATE.
      FOR ACCURATE TIMING INFORMATION PLEASE REFER TO THE TRACE REPORT
      GENERATED AFTER PLACE-and-ROUTE.

Clock Information:
------------------
-----------------------------------------------------------------------------------+----------------------------------------------------------------------+-------+
Clock Signal                                                                       | Clock buffer(FF name)                                                | Load  |
-----------------------------------------------------------------------------------+----------------------------------------------------------------------+-------+
clk                                                                                | BUFGP                                                                | 134   |
inst_debouncer/inst_pulse_generator_1khz/inst_freq_divider/out_pulse_state         | NONE(inst_debouncer/outbtn_4)                                        | 5     |
inst_led_4_display_tkr/inst_pulse_generator_100hz/inst_freq_divider/out_pulse_state| NONE(inst_led_4_display_tkr/inst_bit4_cycle_generator/state_FSM_FFd1)| 5     |
-----------------------------------------------------------------------------------+----------------------------------------------------------------------+-------+
INFO:Xst:2169 - HDL ADVISOR - Some clock signals were not automatically buffered by XST with BUFG/BUFR resources. Please use the buffer_type constraint in order to insert these buffers to the clock signals to help prevent skew problems.

Asynchronous Control Signals Information:
----------------------------------------
No asynchronous control signals found in this design

Timing Summary:
---------------
Speed Grade: -2

   Minimum period: 4.368ns (Maximum Frequency: 228.937MHz)
   Minimum input arrival time before clock: 6.331ns
   Maximum output required time after clock: 8.396ns
   Maximum combinational path delay: 6.392ns

Timing Details:
---------------
All values displayed in nanoseconds (ns)

=========================================================================
Timing constraint: Default period analysis for Clock 'inst_led_4_display_tkr/inst_pulse_generator_100hz/inst_freq_divider/out_pulse_state'
  Clock period: 1.833ns (frequency: 545.554MHz)
  Total number of paths / destination ports: 5 / 4
-------------------------------------------------------------------------
Delay:               1.833ns (Levels of Logic = 1)
  Source:            inst_led_4_display_tkr/inst_bit4_cycle_generator/state_FSM_FFd1 (FF)
  Destination:       inst_led_4_display_tkr/inst_bit4_cycle_generator/state_FSM_FFd4 (FF)
  Source Clock:      inst_led_4_display_tkr/inst_pulse_generator_100hz/inst_freq_divider/out_pulse_state rising
  Destination Clock: inst_led_4_display_tkr/inst_pulse_generator_100hz/inst_freq_divider/out_pulse_state rising

  Data Path: inst_led_4_display_tkr/inst_bit4_cycle_generator/state_FSM_FFd1 to inst_led_4_display_tkr/inst_bit4_cycle_generator/state_FSM_FFd4
                                Gate     Net
    Cell:in->out      fanout   Delay   Delay  Logical Name (Net Name)
    ----------------------------------------  ------------
     FD:C->Q               6   0.525   0.984  inst_led_4_display_tkr/inst_bit4_cycle_generator/state_FSM_FFd1 (inst_led_4_display_tkr/inst_bit4_cycle_generator/state_FSM_FFd1)
     LUT2:I0->O            1   0.250   0.000  inst_led_4_display_tkr/inst_bit4_cycle_generator/state_FSM_FFd4-In1 (inst_led_4_display_tkr/inst_bit4_cycle_generator/state_FSM_FFd4-In)
     FD:D                      0.074          inst_led_4_display_tkr/inst_bit4_cycle_generator/state_FSM_FFd4
    ----------------------------------------
    Total                      1.833ns (0.849ns logic, 0.984ns route)
                                       (46.3% logic, 53.7% route)

=========================================================================
Timing constraint: Default period analysis for Clock 'clk'
  Clock period: 4.368ns (frequency: 228.937MHz)
  Total number of paths / destination ports: 5062 / 149
-------------------------------------------------------------------------
Delay:               4.368ns (Levels of Logic = 8)
  Source:            inst_debouncer/inst_pulse_generator_1khz/inst_freq_divider/count_5 (FF)
  Destination:       inst_debouncer/inst_pulse_generator_1khz/inst_freq_divider/out_pulse_state (FF)
  Source Clock:      clk rising
  Destination Clock: clk rising

  Data Path: inst_debouncer/inst_pulse_generator_1khz/inst_freq_divider/count_5 to inst_debouncer/inst_pulse_generator_1khz/inst_freq_divider/out_pulse_state
                                Gate     Net
    Cell:in->out      fanout   Delay   Delay  Logical Name (Net Name)
    ----------------------------------------  ------------
     FD:C->Q               2   0.525   1.181  inst_debouncer/inst_pulse_generator_1khz/inst_freq_divider/count_5 (inst_debouncer/inst_pulse_generator_1khz/inst_freq_divider/count_5)
     LUT6:I0->O            1   0.254   0.000  inst_debouncer/inst_pulse_generator_1khz/inst_freq_divider/Mcompar_count[31]_half_period_count[31]_equal_2_o_lut<0> (inst_debouncer/inst_pulse_generator_1khz/inst_freq_divider/Mcompar_count[31]_half_period_count[31]_equal_2_o_lut<0>)
     MUXCY:S->O            1   0.215   0.000  inst_debouncer/inst_pulse_generator_1khz/inst_freq_divider/Mcompar_count[31]_half_period_count[31]_equal_2_o_cy<0> (inst_debouncer/inst_pulse_generator_1khz/inst_freq_divider/Mcompar_count[31]_half_period_count[31]_equal_2_o_cy<0>)
     MUXCY:CI->O           1   0.023   0.000  inst_debouncer/inst_pulse_generator_1khz/inst_freq_divider/Mcompar_count[31]_half_period_count[31]_equal_2_o_cy<1> (inst_debouncer/inst_pulse_generator_1khz/inst_freq_divider/Mcompar_count[31]_half_period_count[31]_equal_2_o_cy<1>)
     MUXCY:CI->O           1   0.023   0.000  inst_debouncer/inst_pulse_generator_1khz/inst_freq_divider/Mcompar_count[31]_half_period_count[31]_equal_2_o_cy<2> (inst_debouncer/inst_pulse_generator_1khz/inst_freq_divider/Mcompar_count[31]_half_period_count[31]_equal_2_o_cy<2>)
     MUXCY:CI->O           1   0.023   0.000  inst_debouncer/inst_pulse_generator_1khz/inst_freq_divider/Mcompar_count[31]_half_period_count[31]_equal_2_o_cy<3> (inst_debouncer/inst_pulse_generator_1khz/inst_freq_divider/Mcompar_count[31]_half_period_count[31]_equal_2_o_cy<3>)
     MUXCY:CI->O           1   0.023   0.000  inst_debouncer/inst_pulse_generator_1khz/inst_freq_divider/Mcompar_count[31]_half_period_count[31]_equal_2_o_cy<4> (inst_debouncer/inst_pulse_generator_1khz/inst_freq_divider/Mcompar_count[31]_half_period_count[31]_equal_2_o_cy<4>)
     MUXCY:CI->O          33   0.235   1.537  inst_debouncer/inst_pulse_generator_1khz/inst_freq_divider/Mcompar_count[31]_half_period_count[31]_equal_2_o_cy<5> (inst_debouncer/inst_pulse_generator_1khz/inst_freq_divider/count[31]_half_period_count[31]_equal_2_o)
     LUT2:I1->O            1   0.254   0.000  inst_debouncer/inst_pulse_generator_1khz/inst_freq_divider/count_0_rstpot (inst_debouncer/inst_pulse_generator_1khz/inst_freq_divider/count_0_rstpot)
     FD:D                      0.074          inst_debouncer/inst_pulse_generator_1khz/inst_freq_divider/count_0
    ----------------------------------------
    Total                      4.368ns (1.650ns logic, 2.718ns route)
                                       (37.8% logic, 62.2% route)

=========================================================================
Timing constraint: Default OFFSET IN BEFORE for Clock 'inst_debouncer/inst_pulse_generator_1khz/inst_freq_divider/out_pulse_state'
  Total number of paths / destination ports: 5 / 5
-------------------------------------------------------------------------
Offset:              2.083ns (Levels of Logic = 1)
  Source:            buttons<4> (PAD)
  Destination:       inst_debouncer/outbtn_4 (FF)
  Destination Clock: inst_debouncer/inst_pulse_generator_1khz/inst_freq_divider/out_pulse_state rising

  Data Path: buttons<4> to inst_debouncer/outbtn_4
                                Gate     Net
    Cell:in->out      fanout   Delay   Delay  Logical Name (Net Name)
    ----------------------------------------  ------------
     IBUF:I->O             1   1.328   0.681  buttons_4_IBUF (buttons_4_IBUF)
     FD:D                      0.074          inst_debouncer/outbtn_4
    ----------------------------------------
    Total                      2.083ns (1.402ns logic, 0.681ns route)
                                       (67.3% logic, 32.7% route)

=========================================================================
Timing constraint: Default OFFSET IN BEFORE for Clock 'clk'
  Total number of paths / destination ports: 24 / 22
-------------------------------------------------------------------------
Offset:              6.331ns (Levels of Logic = 5)
  Source:            switches<7> (PAD)
  Destination:       state_0 (FF)
  Destination Clock: clk rising

  Data Path: switches<7> to state_0
                                Gate     Net
    Cell:in->out      fanout   Delay   Delay  Logical Name (Net Name)
    ----------------------------------------  ------------
     IBUF:I->O            10   1.328   1.008  switches_7_IBUF (switches_7_IBUF)
     LUT6:I5->O            1   0.254   1.137  Reset_OR_DriverANDClockEnable2_SW0 (N0)
     LUT6:I0->O            3   0.254   1.042  Reset_OR_DriverANDClockEnable2 (PWR_4_o_enable_input_AND_20_o1)
     LUT6:I2->O            2   0.254   0.726  Reset_OR_DriverANDClockEnable5 (Reset_OR_DriverANDClockEnable)
     LUT4:I3->O            1   0.254   0.000  state_1_rstpot1 (state_1_rstpot1)
     FD:D                      0.074          state_1
    ----------------------------------------
    Total                      6.331ns (2.418ns logic, 3.913ns route)
                                       (38.2% logic, 61.8% route)

=========================================================================
Timing constraint: Default OFFSET OUT AFTER for Clock 'clk'
  Total number of paths / destination ports: 242 / 19
-------------------------------------------------------------------------
Offset:              8.396ns (Levels of Logic = 4)
  Source:            inst_spinbox_dec_digit_4/gen_inst_4_spinbox_dec_digit_1[0].inst_spinbox_dec_digit_1/value_buf_0 (FF)
  Destination:       segments<5> (PAD)
  Source Clock:      clk rising

  Data Path: inst_spinbox_dec_digit_4/gen_inst_4_spinbox_dec_digit_1[0].inst_spinbox_dec_digit_1/value_buf_0 to segments<5>
                                Gate     Net
    Cell:in->out      fanout   Delay   Delay  Logical Name (Net Name)
    ----------------------------------------  ------------
     FDE:C->Q              7   0.525   1.365  inst_spinbox_dec_digit_4/gen_inst_4_spinbox_dec_digit_1[0].inst_spinbox_dec_digit_1/value_buf_0 (inst_spinbox_dec_digit_4/gen_inst_4_spinbox_dec_digit_1[0].inst_spinbox_dec_digit_1/value_buf_0)
     LUT6:I0->O            1   0.254   0.790  inst_led_4_display_tkr/Mmux_single_number<0>3_SW0 (N81)
     LUT6:I4->O            7   0.250   1.365  inst_led_4_display_tkr/Mmux_single_number<0>3 (inst_led_4_display_tkr/single_number<0>)
     LUT6:I0->O            1   0.254   0.681  inst_led_4_display_tkr/inst_display_tkr/Mram_segs51 (segments_5_OBUF)
     OBUF:I->O                 2.912          segments_5_OBUF (segments<5>)
    ----------------------------------------
    Total                      8.396ns (4.195ns logic, 4.201ns route)
                                       (50.0% logic, 50.0% route)

=========================================================================
Timing constraint: Default OFFSET OUT AFTER for Clock 'inst_led_4_display_tkr/inst_pulse_generator_100hz/inst_freq_divider/out_pulse_state'
  Total number of paths / destination ports: 123 / 11
-------------------------------------------------------------------------
Offset:              8.371ns (Levels of Logic = 4)
  Source:            inst_led_4_display_tkr/inst_bit4_cycle_generator/state_FSM_FFd4 (FF)
  Destination:       segments<5> (PAD)
  Source Clock:      inst_led_4_display_tkr/inst_pulse_generator_100hz/inst_freq_divider/out_pulse_state rising

  Data Path: inst_led_4_display_tkr/inst_bit4_cycle_generator/state_FSM_FFd4 to segments<5>
                                Gate     Net
    Cell:in->out      fanout   Delay   Delay  Logical Name (Net Name)
    ----------------------------------------  ------------
     FD:C->Q               7   0.525   1.340  inst_led_4_display_tkr/inst_bit4_cycle_generator/state_FSM_FFd4 (inst_led_4_display_tkr/inst_bit4_cycle_generator/state_FSM_FFd4)
     LUT6:I1->O            1   0.254   0.790  inst_led_4_display_tkr/Mmux_single_number<0>3_SW0 (N81)
     LUT6:I4->O            7   0.250   1.365  inst_led_4_display_tkr/Mmux_single_number<0>3 (inst_led_4_display_tkr/single_number<0>)
     LUT6:I0->O            1   0.254   0.681  inst_led_4_display_tkr/inst_display_tkr/Mram_segs51 (segments_5_OBUF)
     OBUF:I->O                 2.912          segments_5_OBUF (segments<5>)
    ----------------------------------------
    Total                      8.371ns (4.195ns logic, 4.176ns route)
                                       (50.1% logic, 49.9% route)

=========================================================================
Timing constraint: Default path analysis
  Total number of paths / destination ports: 4 / 4
-------------------------------------------------------------------------
Delay:               6.392ns (Levels of Logic = 3)
  Source:            switches<7> (PAD)
  Destination:       digit<2> (PAD)

  Data Path: switches<7> to digit<2>
                                Gate     Net
    Cell:in->out      fanout   Delay   Delay  Logical Name (Net Name)
    ----------------------------------------  ------------
     IBUF:I->O            10   1.328   1.236  switches_7_IBUF (switches_7_IBUF)
     LUT6:I3->O            1   0.235   0.681  inst_led_4_display_tkr/digit_select<2>1 (digit_2_OBUF)
     OBUF:I->O                 2.912          digit_2_OBUF (digit<2>)
    ----------------------------------------
    Total                      6.392ns (4.475ns logic, 1.917ns route)
                                       (70.0% logic, 30.0% route)

=========================================================================

Cross Clock Domains Report:
--------------------------

Clock to Setup on destination clock clk
--------------------------------------------------------------------------+---------+---------+---------+---------+
                                                                          | Src:Rise| Src:Fall| Src:Rise| Src:Fall|
Source Clock                                                              |Dest:Rise|Dest:Rise|Dest:Fall|Dest:Fall|
--------------------------------------------------------------------------+---------+---------+---------+---------+
clk                                                                       |    4.368|         |         |         |
inst_debouncer/inst_pulse_generator_1khz/inst_freq_divider/out_pulse_state|    6.130|         |         |         |
--------------------------------------------------------------------------+---------+---------+---------+---------+

Clock to Setup on destination clock inst_led_4_display_tkr/inst_pulse_generator_100hz/inst_freq_divider/out_pulse_state
-----------------------------------------------------------------------------------+---------+---------+---------+---------+
                                                                                   | Src:Rise| Src:Fall| Src:Rise| Src:Fall|
Source Clock                                                                       |Dest:Rise|Dest:Rise|Dest:Fall|Dest:Fall|
-----------------------------------------------------------------------------------+---------+---------+---------+---------+
inst_led_4_display_tkr/inst_pulse_generator_100hz/inst_freq_divider/out_pulse_state|    1.833|         |         |         |
-----------------------------------------------------------------------------------+---------+---------+---------+---------+

=========================================================================


Total REAL time to Xst completion: 7.00 secs
Total CPU time to Xst completion: 7.07 secs
 
--> 

Total memory usage is 284052 kilobytes

Number of errors   :    0 (   0 filtered)
Number of warnings :   12 (   0 filtered)
Number of infos    :    5 (   0 filtered)

