--------------------------------------------------------------------------------
Release 14.7 Trace  (nt)
Copyright (c) 1995-2013 Xilinx, Inc.  All rights reserved.

D:\Xilinx\14.7\ISE_DS\ISE\bin\nt\unwrapped\trce.exe -intstyle ise -v 3 -s 2 -n
3 -fastpaths -xml nx3_top.twx nx3_top.ncd -o nx3_top.twr nx3_top.pcf -ucf
nx3.ucf

Design file:              nx3_top.ncd
Physical constraint file: nx3_top.pcf
Device,package,speed:     xc6slx16,csg324,C,-2 (PRODUCTION 1.23 2013-10-13)
Report level:             verbose report

Environment Variable      Effect 
--------------------      ------ 
NONE                      No environment variables were set
--------------------------------------------------------------------------------

INFO:Timing:2698 - No timing constraints found, doing default enumeration.
INFO:Timing:3412 - To improve timing, see the Timing Closure User Guide (UG612).
INFO:Timing:2752 - To get complete path coverage, use the unconstrained paths 
   option. All paths that are not constrained will be reported in the 
   unconstrained paths section(s) of the report.
INFO:Timing:3339 - The clock-to-out numbers in this timing report are based on 
   a 50 Ohm transmission line loading model.  For the details of this model, 
   and for more information on accounting for different loading conditions, 
   please see the device datasheet.



Data Sheet report:
-----------------
All values displayed in nanoseconds (ns)

Clock to Setup on destination clock clk
---------------+---------+---------+---------+---------+
               | Src:Rise| Src:Fall| Src:Rise| Src:Fall|
Source Clock   |Dest:Rise|Dest:Rise|Dest:Fall|Dest:Fall|
---------------+---------+---------+---------+---------+
clk            |    3.921|         |         |         |
---------------+---------+---------+---------+---------+

Pad to Pad
---------------+---------------+---------+
Source Pad     |Destination Pad|  Delay  |
---------------+---------------+---------+
switches<0>    |segments<0>    |   11.614|
switches<0>    |segments<1>    |   11.354|
switches<0>    |segments<2>    |   11.939|
switches<0>    |segments<3>    |   11.643|
switches<0>    |segments<4>    |   11.602|
switches<0>    |segments<5>    |   11.663|
switches<0>    |segments<6>    |   11.364|
switches<1>    |segments<0>    |   11.530|
switches<1>    |segments<1>    |   11.458|
switches<1>    |segments<2>    |   11.817|
switches<1>    |segments<3>    |   11.559|
switches<1>    |segments<4>    |   11.480|
switches<1>    |segments<5>    |   11.541|
switches<1>    |segments<6>    |   11.242|
switches<2>    |segments<0>    |   11.629|
switches<2>    |segments<1>    |   11.557|
switches<2>    |segments<2>    |   12.028|
switches<2>    |segments<3>    |   11.658|
switches<2>    |segments<4>    |   11.691|
switches<2>    |segments<5>    |   11.752|
switches<2>    |segments<6>    |   11.453|
switches<3>    |segments<0>    |   11.120|
switches<3>    |segments<1>    |   11.033|
switches<3>    |segments<2>    |   11.522|
switches<3>    |segments<3>    |   11.149|
switches<3>    |segments<4>    |   11.185|
switches<3>    |segments<5>    |   11.246|
switches<3>    |segments<6>    |   10.947|
switches<4>    |segments<0>    |   12.294|
switches<4>    |segments<1>    |   12.034|
switches<4>    |segments<2>    |   12.619|
switches<4>    |segments<3>    |   12.323|
switches<4>    |segments<4>    |   12.282|
switches<4>    |segments<5>    |   12.343|
switches<4>    |segments<6>    |   12.044|
switches<5>    |segments<0>    |   11.553|
switches<5>    |segments<1>    |   11.434|
switches<5>    |segments<2>    |   11.955|
switches<5>    |segments<3>    |   11.582|
switches<5>    |segments<4>    |   11.618|
switches<5>    |segments<5>    |   11.679|
switches<5>    |segments<6>    |   11.380|
switches<6>    |segments<0>    |   11.802|
switches<6>    |segments<1>    |   11.730|
switches<6>    |segments<2>    |   11.754|
switches<6>    |segments<3>    |   11.831|
switches<6>    |segments<4>    |   11.704|
switches<6>    |segments<5>    |   11.478|
switches<6>    |segments<6>    |   11.466|
switches<7>    |segments<0>    |   11.537|
switches<7>    |segments<1>    |   11.492|
switches<7>    |segments<2>    |   11.684|
switches<7>    |segments<3>    |   11.566|
switches<7>    |segments<4>    |   11.348|
switches<7>    |segments<5>    |   11.408|
switches<7>    |segments<6>    |   11.110|
---------------+---------------+---------+


Analysis completed Sun Nov 12 09:33:07 2017 
--------------------------------------------------------------------------------

Trace Settings:
-------------------------
Trace Settings 

Peak Memory Usage: 171 MB



